
Router>
Router>
Router>en
Router#conf t
Enter configuration commands, one per line.  End with CNTL/Z.
Router(config)#int
Router(config)#interface gig
Router(config)#interface gigabitEthernet 0/0/1.10
Router(config-subif)#encapsulation dot1q 10
Router(config-subif)#ip address 192.168.1.1
% Incomplete command.
Router(config-subif)#interface gigabitEthernet 0/0/1.20
Router(config-subif)#interface gigabitEthernet 0/0/1.10
Router(config-subif)#ip address 192.168.1.1 255.255.255.0
Router(config-subif)#interface gigabitEthernet 0/0/1.20
Router(config-subif)#ip address 192.168.2.1 255.255.255.0

% Configuring IP routing on a LAN subinterface is only allowed if that
subinterface is already configured as part of an IEEE 802.10, IEEE 802.1Q,
or ISL vLAN.

Router(config-subif)#interface gigabitEthernet 0/0/1.10
Router(config-subif)#encapsulation dot1q 10
Router(config-subif)#ip address 192.168.1.1 255.255.255.0
Router(config-subif)#ex
Router(config)#no sh
                   ^
% Invalid input detected at '^' marker.
	
Router(config)#interface gigabitEthernet 0/0/1.10
Router(config-subif)#encapsulation dot1q 10
Router(config-subif)#ip address 192.168.1.1 255.255.255.0
Router(config-subif)#interface gigabitEthernet 0/0/1.20
Router(config-subif)#encapsulation dot1q 20
Router(config-subif)#ip address 192.168.2.1 255.255.255.0
Router(config-subif)#no sh
Router(config-subif)#ex
Router(config)#no sh
                   ^
% Invalid input detected at '^' marker.
	
Router(config)#ex
Router#
%SYS-5-CONFIG_I: Configured from console by console

Router#do wr
          ^
% Invalid input detected at '^' marker.
	
Router#conf t
Enter configuration commands, one per line.  End with CNTL/Z.
Router(config)#interface gigabitEthernet 0/0/0
Router(config-if)#ip address 192.168.30.1 255.255.255.0
Router(config-if)#no sh

Router(config-if)#
%LINK-5-CHANGED: Interface GigabitEthernet0/0/0, changed state to up

%LINEPROTO-5-UPDOWN: Line protocol on Interface GigabitEthernet0/0/0, changed state to up

Router(config-if)#
Router(config-if)#








Router con0 is now available






Press RETURN to get started.













Router>
Router>
Router>en
Router#conf t
Enter configuration commands, one per line.  End with CNTL/Z.
Router(config)#interface gigabitEthernet 0/0/1.10
Router(config-subif)#encapsulation dot1q 10
Router(config-subif)#ip address 192.168.1.1 255.255.255.0
Router(config-subif)#no sh
Router(config-subif)#interface gigabitEthernet 0/0/1.20
Router(config-subif)#ip address 192.168.2.1 255.255.255.0
Router(config-subif)#no sh
Router(config-subif)#ex
Router(config)#do wr
Building configuration...
[OK]
Router(config)#








Router con0 is now available






Press RETURN to get started.













Router>
Router>
Router>en
Router#conf t
Enter configuration commands, one per line.  End with CNTL/Z.
Router(config)#
Router#
%SYS-5-CONFIG_I: Configured from console by console

Router#
Router#en
Router#cpnf t
            ^
% Invalid input detected at '^' marker.
	
Router#conf t
Enter configuration commands, one per line.  End with CNTL/Z.
Router(config)#interface gigabitEthernet 0/0/1.10
Router(config-subif)#no sh
Router(config-subif)#interface gigabitEthernet 0/0/1.20
Router(config-subif)#no sh
Router(config-subif)#interface gigabitEthernet 0/0/1
Router(config-if)#no sh

Router(config-if)#
%LINK-5-CHANGED: Interface GigabitEthernet0/0/1, changed state to up

%LINEPROTO-5-UPDOWN: Line protocol on Interface GigabitEthernet0/0/1, changed state to up

%LINK-5-CHANGED: Interface GigabitEthernet0/0/1.10, changed state to up

%LINEPROTO-5-UPDOWN: Line protocol on Interface GigabitEthernet0/0/1.10, changed state to up

%LINK-5-CHANGED: Interface GigabitEthernet0/0/1.20, changed state to up

%LINEPROTO-5-UPDOWN: Line protocol on Interface GigabitEthernet0/0/1.20, changed state to up

