h1>cont t
        ^
% Invalid input detected at '^' marker.
	
h1>en
Password: 
h1#conf t
Enter configuration commands, one per line.  End with CNTL/Z.
h1(config)#no enable
% Incomplete command.
h1(config)#no enable secret
h1(config)#no hostname
Router(config)#no username h1 pass
Router(config)#no username ?
  WORD  User name
Router(config)#no username 
% Incomplete command.
Router(config)# line vty 0 4
Router(config-line)#no pass
Router(config-line)#no password
Router(config-line)#d sh r
% Ambiguous command: "d sh r"
Router(config)#do sh r
Building configuration...

Current configuration : 944 bytes
!
version 15.4
no service timestamps log datetime msec
no service timestamps debug datetime msec
no service password-encryption
!
hostname Router
!
!
!
!
!
!
!
!
ip cef
no ipv6 cef
!
!
!
username r1 password 0 0000
!
!

Router(config)#username r1 password 0000
Router(config)#hostname R
R(config)#ip dom
R(config)#ip domain-name iter.com
R(config)#crypto k
R(config)#crypto key ?
  generate  Generate new keys
  zeroize   Remove keys
R(config)#crypto key 
% Incomplete command.
R(config)#ctypto key ge
R(config)#ctypto key generate ?
% Unrecognized command
R(config)#ctypto key generate 
           ^
% Invalid input detected at '^' marker.
	
R(config)#crypto key generate 
% Incomplete command.
R(config)#crypto key generate ?
  rsa  Generate RSA keys
R(config)#crypto key generate ?
  rsa  Generate RSA keys
R(config)#crypto key generate rsa
The name for the keys will be: R.iter.com
Choose the size of the key modulus in the range of 360 to 2048 for your
  General Purpose Keys. Choosing a key modulus greater than 512 may take
  a few minutes.

How many bits in the modulus [512]: 1824
% Generating 1824 bit RSA keys, keys will be non-exportable...[OK]

R(config)#ip ssh version 2
*Mar 1 0:18:20.951: %SSH-5-ENABLED: SSH 1.99 has been enabled
R(config)#do sh r
Building configuration...

Current configuration : 980 bytes
!
version 15.4
no service timestamps log datetime msec
no service timestamps debug datetime msec
no service password-encryption
!
hostname R
!
!
!
!
!
!
!
!
ip cef
no ipv6 cef
!
!

R(config)#line vty 0 5
R(config-line)#login lo
R(config-line)#login local 
R(config-line)#trans
R(config-line)#transport ?
  input   Define which protocols to use when connecting to the terminal server
  output  Define which protocols to use for outgoing connections
R(config-line)#transport in
% Incomplete command.
R(config-line)#transport in
R(config-line)#transport input ?
  all     All protocols
  none    No protocols
  ssh     TCP/IP SSH protocol
  telnet  TCP/IP Telnet protocol
R(config-line)#transport input ssh
R(config-line)#do wr
Building configuration...
[OK]
R(config-line)#ex
% Ambiguous command: "ex"
R(config-line)#ex
% Ambiguous command: "ex"
R(config-line)#exit
R(config)#do wr
Building configuration...
[OK]
R(config)#








R con0 is now available






Press RETURN to get started.



